py : E
At line:1 char:1
+ py -m unittest 
tests/test_core.py > 
test_output.txt 2>&1
+ ~~~~~~~~~~~~~~~~~~~
~~~~~~~~~~~~~~~~~~~~~
~~~~~~~~~~~~~~~~
    + CategoryInfo   
           : NotSpe  
  cified: (E:Strin   
 g) [], RemoteExc    
eption
    + FullyQualified 
   ErrorId : Native  
  CommandError
 
=====================
=====================
=====================
=======
ERROR: test_core (uni
ttest.loader._FailedT
est.test_core)
---------------------
---------------------
---------------------
-------
ImportError: Failed 
to import test 
module: test_core
Traceback (most 
recent call last):
  File "C:\Users\best
b\AppData\Local\Progr
ams\Python\Python313\
Lib\unittest\loader.p
y", line 137, in 
loadTestsFromName
    module = __import
__(module_name)
  File "C:\Users\best
b\Desktop\researcher2
\tests\test_core.py",
 line 5, in <module>
    from 
researcher2.core 
import ResearchAgent
  File "C:\Users\best
b\Desktop\researcher2
\researcher2\core.py"
, line 6, in <module>
    from .tools.wolfr
am_alpha.wrapper 
import 
WolframAlphaTool
  File "C:\Users\best
b\Desktop\researcher2
\researcher2\tools\wo
lfram_alpha\wrapper.p
y", line 2, in 
<module>
    import 
wolframalpha
ModuleNotFoundError: 
No module named 
'wolframalpha'


---------------------
---------------------
---------------------
-------
Ran 1 test in 0.009s

FAILED (errors=1)
